   Compiling proc-macro2 v1.0.107
   Compiling quote v1.0.47
   Compiling unicode-ident v1.0.26
   Compiling glob v0.3.4
   Compiling prettyplease v0.2.37
   Compiling libc v0.2.190
   Compiling rustversion v1.0.23
   Compiling regex-syntax v0.8.11
   Compiling windows-link v0.2.1
   Compiling minimal-lexical v0.2.1
   Compiling memchr v2.8.3
   Compiling bindgen v0.72.1
   Compiling either v1.18.0
   Compiling find-msvc-tools v0.1.14
   Compiling shlex v2.0.1
   Compiling bitflags v1.3.2
   Compiling shlex v1.3.0
   Compiling bytemuck v1.25.2
   Compiling log v0.4.34
   Compiling lazy_static v1.5.1
   Compiling bitflags v2.13.2
   Compiling rustc-hash v2.1.3
   Compiling arrayvec v0.7.8
   Compiling scopeguard v1.2.0
   Compiling semver v1.0.28
   Compiling cfg-if v1.0.5
   Compiling multiversion_no_op v1.0.0
   Compiling serde_core v1.0.228
   Compiling core_detect v1.0.0
   Compiling simdutf8 v0.1.5
   Compiling fs_extra v1.3.0
   Compiling libloading v0.8.9
   Compiling serde v1.0.228
   Compiling extended v0.1.0
   Compiling itertools v0.13.0
   Compiling whisper-rs v0.16.0
   Compiling serde_json v1.0.145
   Compiling itoa v1.0.18
   Compiling ryu v1.0.23
   Compiling symphonia-core v0.5.5
   Compiling clang-sys v1.9.1
   Compiling cc v1.6.0
   Compiling nom v7.1.3
   Compiling regex-automata v0.4.18
   Compiling encoding_rs v0.8.42
   Compiling syn v2.0.119
   Compiling cmake v0.1.58
   Compiling symphonia-codec-pcm v0.5.5
   Compiling cexpr v0.6.0
   Compiling regex v1.13.1
   Compiling symphonia-metadata v0.5.5
   Compiling symphonia-bundle-mp3 v0.5.5
   Compiling symphonia-format-riff v0.5.5
   Compiling symphonia v0.5.5
   Compiling serde_derive v1.0.228
   Compiling whisper-core v0.1.0 (C:\dev\whisper\crates\whisper-core)
   Compiling whisper-rs-sys v0.15.0
   Compiling whisper-worker-gpu v0.1.0 (C:\dev\whisper\crates\whisper-worker-gpu)
    Finished `release` profile [optimized] target(s) in 2m 26s
